INFO:test_policy_parser:test_policy_parser executed as script
INFO:genfond.rule_policy:Executing policy:
7 rules with 3 features: b_empty(c_and(c_some(r_primitive(K_pos_garbage-at,0,1),c_primitive(K_pos_at,0)),c_some(r_primitive(K_pos_garbage-color,0,1),c_primitive(K_pos_obs-obj-col,0)))), n_concept_distance(c_primitive(K_pos_at,0),r_primitive(K_pos_adj,0,1),c_all(r_inverse(r_primitive(K_neg_obj-at,0,1)),c_primitive(K_pos_holding,0))), n_count(c_some(r_primitive(K_pos_garbage-at,0,1),c_primitive(K_pos_at,0)))
{ b_empty(c_and(c_some(r_primitive(K_pos_garbage-at,0,1),c_primitive(K_pos_at,0)),c_some(r_primitive(K_pos_garbage-color,0,1),c_primitive(K_pos_obs-obj-col,0)))) ∧ n_concept_distance(c_primitive(K_pos_at,0),r_primitive(K_pos_adj,0,1),c_all(r_inverse(r_primitive(K_neg_obj-at,0,1)),c_primitive(K_pos_holding,0))) = 0 ∧ n_count(c_some(r_primitive(K_pos_garbage-at,0,1),c_primitive(K_pos_at,0))) = 0 }  ⇒  {  }
{ b_empty(c_and(c_some(r_primitive(K_pos_garbage-at,0,1),c_primitive(K_pos_at,0)),c_some(r_primitive(K_pos_garbage-color,0,1),c_primitive(K_pos_obs-obj-col,0)))) ∧ n_concept_distance(c_primitive(K_pos_at,0),r_primitive(K_pos_adj,0,1),c_all(r_inverse(r_primitive(K_neg_obj-at,0,1)),c_primitive(K_pos_holding,0))) = 0 ∧ n_count(c_some(r_primitive(K_pos_garbage-at,0,1),c_primitive(K_pos_at,0))) = 0 }  ⇒  { ↑n_count(c_some(r_primitive(K_pos_garbage-at,0,1),c_primitive(K_pos_at,0))) ∧ ¬b_empty(c_and(c_some(r_primitive(K_pos_garbage-at,0,1),c_primitive(K_pos_at,0)),c_some(r_primitive(K_pos_garbage-color,0,1),c_primitive(K_pos_obs-obj-col,0)))) }
{ b_empty(c_and(c_some(r_primitive(K_pos_garbage-at,0,1),c_primitive(K_pos_at,0)),c_some(r_primitive(K_pos_garbage-color,0,1),c_primitive(K_pos_obs-obj-col,0)))) ∧ n_concept_distance(c_primitive(K_pos_at,0),r_primitive(K_pos_adj,0,1),c_all(r_inverse(r_primitive(K_neg_obj-at,0,1)),c_primitive(K_pos_holding,0))) = 0 ∧ n_count(c_some(r_primitive(K_pos_garbage-at,0,1),c_primitive(K_pos_at,0))) > 0 }  ⇒  { ¬b_empty(c_and(c_some(r_primitive(K_pos_garbage-at,0,1),c_primitive(K_pos_at,0)),c_some(r_primitive(K_pos_garbage-color,0,1),c_primitive(K_pos_obs-obj-col,0)))) }
{ b_empty(c_and(c_some(r_primitive(K_pos_garbage-at,0,1),c_primitive(K_pos_at,0)),c_some(r_primitive(K_pos_garbage-color,0,1),c_primitive(K_pos_obs-obj-col,0)))) ∧ n_concept_distance(c_primitive(K_pos_at,0),r_primitive(K_pos_adj,0,1),c_all(r_inverse(r_primitive(K_neg_obj-at,0,1)),c_primitive(K_pos_holding,0))) = 0 ∧ n_count(c_some(r_primitive(K_pos_garbage-at,0,1),c_primitive(K_pos_at,0))) > 0 }  ⇒  { ↓n_count(c_some(r_primitive(K_pos_garbage-at,0,1),c_primitive(K_pos_at,0))) }
{ b_empty(c_and(c_some(r_primitive(K_pos_garbage-at,0,1),c_primitive(K_pos_at,0)),c_some(r_primitive(K_pos_garbage-color,0,1),c_primitive(K_pos_obs-obj-col,0)))) ∧ n_concept_distance(c_primitive(K_pos_at,0),r_primitive(K_pos_adj,0,1),c_all(r_inverse(r_primitive(K_neg_obj-at,0,1)),c_primitive(K_pos_holding,0))) > 0 ∧ n_count(c_some(r_primitive(K_pos_garbage-at,0,1),c_primitive(K_pos_at,0))) = 0 }  ⇒  { ↑n_count(c_some(r_primitive(K_pos_garbage-at,0,1),c_primitive(K_pos_at,0))) ∧ ↓n_concept_distance(c_primitive(K_pos_at,0),r_primitive(K_pos_adj,0,1),c_all(r_inverse(r_primitive(K_neg_obj-at,0,1)),c_primitive(K_pos_holding,0))) }
{ b_empty(c_and(c_some(r_primitive(K_pos_garbage-at,0,1),c_primitive(K_pos_at,0)),c_some(r_primitive(K_pos_garbage-color,0,1),c_primitive(K_pos_obs-obj-col,0)))) ∧ n_concept_distance(c_primitive(K_pos_at,0),r_primitive(K_pos_adj,0,1),c_all(r_inverse(r_primitive(K_neg_obj-at,0,1)),c_primitive(K_pos_holding,0))) > 0 ∧ n_count(c_some(r_primitive(K_pos_garbage-at,0,1),c_primitive(K_pos_at,0))) > 0 }  ⇒  { ↓n_concept_distance(c_primitive(K_pos_at,0),r_primitive(K_pos_adj,0,1),c_all(r_inverse(r_primitive(K_neg_obj-at,0,1)),c_primitive(K_pos_holding,0))) ∧ ↓n_count(c_some(r_primitive(K_pos_garbage-at,0,1),c_primitive(K_pos_at,0))) }
{ n_concept_distance(c_primitive(K_pos_at,0),r_primitive(K_pos_adj,0,1),c_all(r_inverse(r_primitive(K_neg_obj-at,0,1)),c_primitive(K_pos_holding,0))) = 0 ∧ n_count(c_some(r_primitive(K_pos_garbage-at,0,1),c_primitive(K_pos_at,0))) > 0 }  ⇒  { ↑n_concept_distance(c_primitive(K_pos_at,0),r_primitive(K_pos_adj,0,1),c_all(r_inverse(r_primitive(K_neg_obj-at,0,1)),c_primitive(K_pos_holding,0))) }
in colorballs for problem colorballs-2-1 with features frozenset({'n_count(c_some(r_primitive(K_pos_garbage-at,0,1),c_primitive(K_pos_at,0)))', 'b_empty(c_and(c_some(r_primitive(K_pos_garbage-at,0,1),c_primitive(K_pos_at,0)),c_some(r_primitive(K_pos_garbage-color,0,1),c_primitive(K_pos_obs-obj-col,0))))', 'n_concept_distance(c_primitive(K_pos_at,0),r_primitive(K_pos_adj,0,1),c_all(r_inverse(r_primitive(K_neg_obj-at,0,1)),c_primitive(K_pos_holding,0)))'})
DEBUG:genfond.rule_policy:Grounding actions...
DEBUG:genfond.state_space_generator:Converting sensing model (K_neg_obs-obj-at o1 p2-1) to action
DEBUG:genfond.state_space_generator:Inverse models for (K_neg_obs-obj-at o1 p2-1): [Predicate(K_pos_obs-obj-at, o1, p2-1), Predicate(K_neg_obs-obj-at, o1, p1-1), Predicate(K_neg_obs-obj-at, o1, p1-2), Predicate(K_neg_obs-obj-at, o1, p2-2)]
DEBUG:genfond.state_space_generator:Created sensing action: (:action K_neg_obs-obj-at_o1_p2-1
    :parameters (?o1 - obj ?p2-1 - pos)
    :precondition (and (K_pos_at p2-1) (K_neg_need-start) (not (K_neg_obs-obj-at o1 p2-1)) (not (K_pos_obs-obj-at o1 p2-1)) (not (K_neg_obs-obj-at o1 p1-1)) (not (K_neg_obs-obj-at o1 p1-2)) (not (K_neg_obs-obj-at o1 p2-2)))
    :effect (and (when (not (K_pos_obj-at o1 p2-1)) (K_neg_obj-at o1 p2-1)) (when (not (K_neg_obj-at o1 p1-1)) (K_pos_obj-at o1 p1-1)) (when (not (K_neg_obj-at o1 p1-2)) (K_pos_obj-at o1 p1-2)) (when (not (K_neg_obj-at o1 p2-2)) (K_pos_obj-at o1 p2-2)) (K_neg_obs-obj-at o1 p2-1))
)
DEBUG:genfond.state_space_generator:Converting sensing model (K_pos_obs-obj-col blue) to action
DEBUG:genfond.state_space_generator:Inverse models for (K_pos_obs-obj-col blue): [Predicate(K_pos_obs-obj-col, red)]
DEBUG:genfond.state_space_generator:Created sensing action: (:action K_pos_obs-obj-col_blue
    :parameters (?o1 - obj ?blue - col)
    :precondition (and (K_pos_holding o1) (K_neg_need-start) (not (K_pos_obs-obj-col blue)) (not (K_pos_obs-obj-col red)))
    :effect (and (when (not (K_pos_color o1 red)) (K_neg_color o1 red)) (K_pos_obs-obj-col blue))
)
DEBUG:genfond.state_space_generator:Converting sensing model (K_pos_obs-obj-at o1 p2-2) to action
DEBUG:genfond.state_space_generator:Inverse models for (K_pos_obs-obj-at o1 p2-2): [Predicate(K_neg_obs-obj-at, o1, p2-2), Predicate(K_pos_obs-obj-at, o1, p1-2), Predicate(K_pos_obs-obj-at, o1, p2-1), Predicate(K_pos_obs-obj-at, o1, p1-1)]
DEBUG:genfond.state_space_generator:Created sensing action: (:action K_pos_obs-obj-at_o1_p2-2
    :parameters (?o1 - obj ?p2-2 - pos)
    :precondition (and (K_pos_at p2-2) (K_neg_need-start) (not (K_pos_obs-obj-at o1 p2-2)) (not (K_neg_obs-obj-at o1 p2-2)) (not (K_pos_obs-obj-at o1 p1-2)) (not (K_pos_obs-obj-at o1 p2-1)) (not (K_pos_obs-obj-at o1 p1-1)))
    :effect (and (when (not (K_neg_obj-at o1 p2-2)) (K_pos_obj-at o1 p2-2)) (when (not (K_pos_obj-at o1 p1-2)) (K_neg_obj-at o1 p1-2)) (when (not (K_pos_obj-at o1 p2-1)) (K_neg_obj-at o1 p2-1)) (when (not (K_pos_obj-at o1 p1-1)) (K_neg_obj-at o1 p1-1)) (K_pos_obs-obj-at o1 p2-2))
)
DEBUG:genfond.state_space_generator:Converting sensing model (K_pos_obs-obj-col red) to action
DEBUG:genfond.state_space_generator:Inverse models for (K_pos_obs-obj-col red): [Predicate(K_pos_obs-obj-col, blue)]
DEBUG:genfond.state_space_generator:Created sensing action: (:action K_pos_obs-obj-col_red
    :parameters (?o1 - obj ?red - col)
    :precondition (and (K_pos_holding o1) (K_neg_need-start) (not (K_pos_obs-obj-col red)) (not (K_pos_obs-obj-col blue)))
    :effect (and (when (not (K_pos_color o1 blue)) (K_neg_color o1 blue)) (K_pos_obs-obj-col red))
)
DEBUG:genfond.state_space_generator:Converting sensing model (K_neg_obs-obj-at o1 p1-1) to action
DEBUG:genfond.state_space_generator:Inverse models for (K_neg_obs-obj-at o1 p1-1): [Predicate(K_pos_obs-obj-at, o1, p1-1), Predicate(K_neg_obs-obj-at, o1, p2-1), Predicate(K_neg_obs-obj-at, o1, p1-2), Predicate(K_neg_obs-obj-at, o1, p2-2)]
DEBUG:genfond.state_space_generator:Created sensing action: (:action K_neg_obs-obj-at_o1_p1-1
    :parameters (?o1 - obj ?p1-1 - pos)
    :precondition (and (K_pos_at p1-1) (K_neg_need-start) (not (K_neg_obs-obj-at o1 p1-1)) (not (K_pos_obs-obj-at o1 p1-1)) (not (K_neg_obs-obj-at o1 p2-1)) (not (K_neg_obs-obj-at o1 p1-2)) (not (K_neg_obs-obj-at o1 p2-2)))
    :effect (and (when (not (K_pos_obj-at o1 p1-1)) (K_neg_obj-at o1 p1-1)) (when (not (K_neg_obj-at o1 p2-1)) (K_pos_obj-at o1 p2-1)) (when (not (K_neg_obj-at o1 p1-2)) (K_pos_obj-at o1 p1-2)) (when (not (K_neg_obj-at o1 p2-2)) (K_pos_obj-at o1 p2-2)) (K_neg_obs-obj-at o1 p1-1))
)
DEBUG:genfond.state_space_generator:Converting sensing model (K_pos_obs-obj-at o1 p1-2) to action
DEBUG:genfond.state_space_generator:Inverse models for (K_pos_obs-obj-at o1 p1-2): [Predicate(K_neg_obs-obj-at, o1, p1-2), Predicate(K_pos_obs-obj-at, o1, p2-2), Predicate(K_pos_obs-obj-at, o1, p2-1), Predicate(K_pos_obs-obj-at, o1, p1-1)]
DEBUG:genfond.state_space_generator:Created sensing action: (:action K_pos_obs-obj-at_o1_p1-2
    :parameters (?o1 - obj ?p1-2 - pos)
    :precondition (and (K_pos_at p1-2) (K_neg_need-start) (not (K_pos_obs-obj-at o1 p1-2)) (not (K_neg_obs-obj-at o1 p1-2)) (not (K_pos_obs-obj-at o1 p2-2)) (not (K_pos_obs-obj-at o1 p2-1)) (not (K_pos_obs-obj-at o1 p1-1)))
    :effect (and (when (not (K_neg_obj-at o1 p1-2)) (K_pos_obj-at o1 p1-2)) (when (not (K_pos_obj-at o1 p2-2)) (K_neg_obj-at o1 p2-2)) (when (not (K_pos_obj-at o1 p2-1)) (K_neg_obj-at o1 p2-1)) (when (not (K_pos_obj-at o1 p1-1)) (K_neg_obj-at o1 p1-1)) (K_pos_obs-obj-at o1 p1-2))
)
DEBUG:genfond.state_space_generator:Converting sensing model (K_neg_obs-obj-at o1 p1-2) to action
DEBUG:genfond.state_space_generator:Inverse models for (K_neg_obs-obj-at o1 p1-2): [Predicate(K_pos_obs-obj-at, o1, p1-2), Predicate(K_neg_obs-obj-at, o1, p2-1), Predicate(K_neg_obs-obj-at, o1, p1-1), Predicate(K_neg_obs-obj-at, o1, p2-2)]
DEBUG:genfond.state_space_generator:Created sensing action: (:action K_neg_obs-obj-at_o1_p1-2
    :parameters (?o1 - obj ?p1-2 - pos)
    :precondition (and (K_pos_at p1-2) (K_neg_need-start) (not (K_neg_obs-obj-at o1 p1-2)) (not (K_pos_obs-obj-at o1 p1-2)) (not (K_neg_obs-obj-at o1 p2-1)) (not (K_neg_obs-obj-at o1 p1-1)) (not (K_neg_obs-obj-at o1 p2-2)))
    :effect (and (when (not (K_pos_obj-at o1 p1-2)) (K_neg_obj-at o1 p1-2)) (when (not (K_neg_obj-at o1 p2-1)) (K_pos_obj-at o1 p2-1)) (when (not (K_neg_obj-at o1 p1-1)) (K_pos_obj-at o1 p1-1)) (when (not (K_neg_obj-at o1 p2-2)) (K_pos_obj-at o1 p2-2)) (K_neg_obs-obj-at o1 p1-2))
)
DEBUG:genfond.state_space_generator:Converting sensing model (K_neg_obs-obj-at o1 p2-2) to action
DEBUG:genfond.state_space_generator:Inverse models for (K_neg_obs-obj-at o1 p2-2): [Predicate(K_pos_obs-obj-at, o1, p2-2), Predicate(K_neg_obs-obj-at, o1, p2-1), Predicate(K_neg_obs-obj-at, o1, p1-1), Predicate(K_neg_obs-obj-at, o1, p1-2)]
DEBUG:genfond.state_space_generator:Created sensing action: (:action K_neg_obs-obj-at_o1_p2-2
    :parameters (?o1 - obj ?p2-2 - pos)
    :precondition (and (K_pos_at p2-2) (K_neg_need-start) (not (K_neg_obs-obj-at o1 p2-2)) (not (K_pos_obs-obj-at o1 p2-2)) (not (K_neg_obs-obj-at o1 p2-1)) (not (K_neg_obs-obj-at o1 p1-1)) (not (K_neg_obs-obj-at o1 p1-2)))
    :effect (and (when (not (K_pos_obj-at o1 p2-2)) (K_neg_obj-at o1 p2-2)) (when (not (K_neg_obj-at o1 p2-1)) (K_pos_obj-at o1 p2-1)) (when (not (K_neg_obj-at o1 p1-1)) (K_pos_obj-at o1 p1-1)) (when (not (K_neg_obj-at o1 p1-2)) (K_pos_obj-at o1 p1-2)) (K_neg_obs-obj-at o1 p2-2))
)
DEBUG:genfond.state_space_generator:Converting sensing model (K_pos_obs-obj-at o1 p2-1) to action
DEBUG:genfond.state_space_generator:Inverse models for (K_pos_obs-obj-at o1 p2-1): [Predicate(K_neg_obs-obj-at, o1, p2-1), Predicate(K_pos_obs-obj-at, o1, p2-2), Predicate(K_pos_obs-obj-at, o1, p1-2), Predicate(K_pos_obs-obj-at, o1, p1-1)]
DEBUG:genfond.state_space_generator:Created sensing action: (:action K_pos_obs-obj-at_o1_p2-1
    :parameters (?o1 - obj ?p2-1 - pos)
    :precondition (and (K_pos_at p2-1) (K_neg_need-start) (not (K_pos_obs-obj-at o1 p2-1)) (not (K_neg_obs-obj-at o1 p2-1)) (not (K_pos_obs-obj-at o1 p2-2)) (not (K_pos_obs-obj-at o1 p1-2)) (not (K_pos_obs-obj-at o1 p1-1)))
    :effect (and (when (not (K_neg_obj-at o1 p2-1)) (K_pos_obj-at o1 p2-1)) (when (not (K_pos_obj-at o1 p2-2)) (K_neg_obj-at o1 p2-2)) (when (not (K_pos_obj-at o1 p1-2)) (K_neg_obj-at o1 p1-2)) (when (not (K_pos_obj-at o1 p1-1)) (K_neg_obj-at o1 p1-1)) (K_pos_obs-obj-at o1 p2-1))
)
DEBUG:genfond.state_space_generator:Converting sensing model (K_pos_obs-obj-at o1 p1-1) to action
DEBUG:genfond.state_space_generator:Inverse models for (K_pos_obs-obj-at o1 p1-1): [Predicate(K_neg_obs-obj-at, o1, p1-1), Predicate(K_pos_obs-obj-at, o1, p2-2), Predicate(K_pos_obs-obj-at, o1, p1-2), Predicate(K_pos_obs-obj-at, o1, p2-1)]
DEBUG:genfond.state_space_generator:Created sensing action: (:action K_pos_obs-obj-at_o1_p1-1
    :parameters (?o1 - obj ?p1-1 - pos)
    :precondition (and (K_pos_at p1-1) (K_neg_need-start) (not (K_pos_obs-obj-at o1 p1-1)) (not (K_neg_obs-obj-at o1 p1-1)) (not (K_pos_obs-obj-at o1 p2-2)) (not (K_pos_obs-obj-at o1 p1-2)) (not (K_pos_obs-obj-at o1 p2-1)))
    :effect (and (when (not (K_neg_obj-at o1 p1-1)) (K_pos_obj-at o1 p1-1)) (when (not (K_pos_obj-at o1 p2-2)) (K_neg_obj-at o1 p2-2)) (when (not (K_pos_obj-at o1 p1-2)) (K_neg_obj-at o1 p1-2)) (when (not (K_pos_obj-at o1 p2-1)) (K_neg_obj-at o1 p2-1)) (K_pos_obs-obj-at o1 p1-1))
)
DEBUG:genfond.rule_policy:Grounding actions done.
INFO:genfond.rule_policy:New state: (K_neg_garbage-at t1 p2-2),(K_pos_adj p2-1 p2-2),(K_pos_adj p1-1 p2-1),(K_neg_trashed o1),(K_neg_garbage-at t2 p1-1),(K_neg_adj p2-1 p2-1),(K_pos_adj p2-1 p1-1),(K_pos_adj p2-2 p1-2),(K_pos_garbage-color t1 red),(K_neg_adj p2-2 p1-1),(K_pos_adj p1-2 p2-2),(K_pos_at p1-1),(K_neg_garbage-at t1 p2-1),(K_neg_garbage-at t2 p2-1),(K_pos_adj p2-2 p2-1),(K_neg_adj p1-2 p2-1),(K_neg_at p1-2),(K_pos_adj p1-2 p1-1),(K_neg_adj p1-1 p2-2),(K_pos_garbage-at t2 p2-2),(K_pos_garbage-color t2 blue),(K_neg_at p2-1),(K_pos_adj p1-1 p1-2),(K_neg_at p2-2),(K_neg_adj p2-1 p1-2),(K_neg_adj p1-1 p1-1),(K_neg_holding o1),(K_neg_garbage-color t1 blue),(K_neg_garbage-color t2 red),(K_pos_need-start),(K_neg_adj p2-2 p2-2),(K_neg_garbage-at t2 p1-2),(K_neg_garbage-at t1 p1-2),(K_pos_garbage-at t1 p1-1),(K_neg_adj p1-2 p1-2)
DEBUG:genfond.state_space_generator:Applying effect (K_pos_trashed o1)
DEBUG:genfond.feature_generation:Generated augmented state (action=None): [(K_neg_garbage-at t1 p2-2), (K_pos_adj p2-1 p2-2), (K_pos_adj p1-1 p2-1), (K_neg_trashed o1), (K_neg_garbage-at t2 p1-1), (K_neg_adj p2-1 p2-1), (K_pos_adj p2-1 p1-1), (K_pos_adj p2-2 p1-2), (K_pos_garbage-color t1 red), (K_neg_adj p2-2 p1-1), (K_pos_adj p1-2 p2-2), (K_pos_at p1-1), (K_neg_garbage-at t1 p2-1), (K_neg_garbage-at t2 p2-1), (K_pos_adj p2-2 p2-1), (K_neg_adj p1-2 p2-1), (K_neg_at p1-2), (K_pos_adj p1-2 p1-1), (K_neg_adj p1-1 p2-2), (K_pos_garbage-at t2 p2-2), (K_pos_garbage-color t2 blue), (K_neg_at p2-1), (K_pos_adj p1-1 p1-2), (K_neg_at p2-2), (K_neg_adj p2-1 p1-2), (K_neg_adj p1-1 p1-1), (K_neg_holding o1), (K_neg_garbage-color t1 blue), (K_neg_garbage-color t2 red), (K_pos_trashed_G o1), (K_pos_need-start), (K_neg_adj p2-2 p2-2), (K_neg_garbage-at t2 p1-2), (K_neg_garbage-at t1 p1-2), (K_pos_garbage-at t1 p1-1), (K_neg_adj p1-2 p1-2)]
DEBUG:genfond.state_space_generator:Applying effect (K_pos_trashed o1)
DEBUG:genfond.feature_generation:Generated augmented state (action=None): [(K_neg_garbage-at t1 p2-2), (K_pos_adj p2-1 p2-2), (K_pos_adj p1-1 p2-1), (K_neg_trashed o1), (K_neg_garbage-at t2 p1-1), (K_neg_adj p2-1 p2-1), (K_pos_adj p2-1 p1-1), (K_pos_adj p2-2 p1-2), (K_pos_garbage-color t1 red), (K_neg_adj p2-2 p1-1), (K_pos_adj p1-2 p2-2), (K_pos_at p1-1), (K_neg_garbage-at t1 p2-1), (K_neg_garbage-at t2 p2-1), (K_pos_adj p2-2 p2-1), (K_neg_adj p1-2 p2-1), (K_neg_at p1-2), (K_pos_adj p1-2 p1-1), (K_neg_adj p1-1 p2-2), (K_pos_garbage-at t2 p2-2), (K_pos_garbage-color t2 blue), (K_neg_at p2-1), (K_pos_adj p1-1 p1-2), (K_neg_at p2-2), (K_neg_adj p2-1 p1-2), (K_neg_adj p1-1 p1-1), (K_neg_holding o1), (K_neg_garbage-color t1 blue), (K_neg_garbage-color t2 red), (K_pos_trashed_G o1), (K_pos_need-start), (K_neg_adj p2-2 p2-2), (K_neg_garbage-at t2 p1-2), (K_neg_garbage-at t1 p1-2), (K_pos_garbage-at t1 p1-1), (K_neg_adj p1-2 p1-2)]
DEBUG:genfond.rule_policy:feature eval: {'n_count(c_some(r_primitive(K_pos_garbage-at,0,1),c_primitive(K_pos_at,0)))': 1, 'b_empty(c_and(c_some(r_primitive(K_pos_garbage-at,0,1),c_primitive(K_pos_at,0)),c_some(r_primitive(K_pos_garbage-color,0,1),c_primitive(K_pos_obs-obj-col,0))))': True, 'n_concept_distance(c_primitive(K_pos_at,0),r_primitive(K_pos_adj,0,1),c_all(r_inverse(r_primitive(K_neg_obj-at,0,1)),c_primitive(K_pos_holding,0)))': 0}
DEBUG:genfond.generation.rule:eval to cond: n_count(c_some(r_primitive(K_pos_garbage-at,0,1),c_primitive(K_pos_at,0))) -> 1
DEBUG:genfond.generation.rule:eval to cond: b_empty(c_and(c_some(r_primitive(K_pos_garbage-at,0,1),c_primitive(K_pos_at,0)),c_some(r_primitive(K_pos_garbage-color,0,1),c_primitive(K_pos_obs-obj-col,0)))) -> True
DEBUG:genfond.generation.rule:eval to cond: n_concept_distance(c_primitive(K_pos_at,0),r_primitive(K_pos_adj,0,1),c_all(r_inverse(r_primitive(K_neg_obj-at,0,1)),c_primitive(K_pos_holding,0))) -> 0
DEBUG:genfond.rule_policy:Enabled rules: { b_empty(c_and(c_some(r_primitive(K_pos_garbage-at,0,1),c_primitive(K_pos_at,0)),c_some(r_primitive(K_pos_garbage-color,0,1),c_primitive(K_pos_obs-obj-col,0)))) ∧ n_concept_distance(c_primitive(K_pos_at,0),r_primitive(K_pos_adj,0,1),c_all(r_inverse(r_primitive(K_neg_obj-at,0,1)),c_primitive(K_pos_holding,0))) = 0 ∧ n_count(c_some(r_primitive(K_pos_garbage-at,0,1),c_primitive(K_pos_at,0))) > 0 }  ⇒  { ↓n_count(c_some(r_primitive(K_pos_garbage-at,0,1),c_primitive(K_pos_at,0))) },  { n_concept_distance(c_primitive(K_pos_at,0),r_primitive(K_pos_adj,0,1),c_all(r_inverse(r_primitive(K_neg_obj-at,0,1)),c_primitive(K_pos_holding,0))) = 0 ∧ n_count(c_some(r_primitive(K_pos_garbage-at,0,1),c_primitive(K_pos_at,0))) > 0 }  ⇒  { ↑n_concept_distance(c_primitive(K_pos_at,0),r_primitive(K_pos_adj,0,1),c_all(r_inverse(r_primitive(K_neg_obj-at,0,1)),c_primitive(K_pos_holding,0))) },  { b_empty(c_and(c_some(r_primitive(K_pos_garbage-at,0,1),c_primitive(K_pos_at,0)),c_some(r_primitive(K_pos_garbage-color,0,1),c_primitive(K_pos_obs-obj-col,0)))) ∧ n_concept_distance(c_primitive(K_pos_at,0),r_primitive(K_pos_adj,0,1),c_all(r_inverse(r_primitive(K_neg_obj-at,0,1)),c_primitive(K_pos_holding,0))) = 0 ∧ n_count(c_some(r_primitive(K_pos_garbage-at,0,1),c_primitive(K_pos_at,0))) > 0 }  ⇒  { ¬b_empty(c_and(c_some(r_primitive(K_pos_garbage-at,0,1),c_primitive(K_pos_at,0)),c_some(r_primitive(K_pos_garbage-color,0,1),c_primitive(K_pos_obs-obj-col,0)))) }
DEBUG:genfond.rule_policy:Enabled constraints: 
DEBUG:genfond.rule_policy:Enabled actions: start-action(p1-1)
DEBUG:genfond.state_space_generator:Applying action effect for action start-action
DEBUG:genfond.state_space_generator:Applying effect (K_neg_need-start)
DEBUG:genfond.state_space_generator:observable_variables: ['obs-obj-at', 'obs-obj-col']
DEBUG:genfond.state_space_generator:applicable_sensing_actions: ['K_neg_obs-obj-at_o1_p1-1', 'K_pos_obs-obj-at_o1_p1-1']
DEBUG:genfond.state_space_generator:Applying action effect for action K_neg_obs-obj-at_o1_p1-1
DEBUG:genfond.state_space_generator:Applying effect (K_neg_obj-at o1 p1-1) due to When condition (not (K_pos_obj-at o1 p1-1))
DEBUG:genfond.state_space_generator:Applying effect (K_neg_obj-at o1 p1-1)
DEBUG:genfond.state_space_generator:Applying effect (K_pos_obj-at o1 p2-1) due to When condition (not (K_neg_obj-at o1 p2-1))
DEBUG:genfond.state_space_generator:Applying effect (K_pos_obj-at o1 p2-1)
DEBUG:genfond.state_space_generator:Applying effect (K_neg_obs-obj-at o1 p1-1)
DEBUG:genfond.state_space_generator:Applying observation combination: ('K_neg_obs-obj-at_o1_p1-1',)
DEBUG:genfond.state_space_generator:Applying action effect for action K_pos_obs-obj-at_o1_p1-1
DEBUG:genfond.state_space_generator:Applying effect (K_pos_obj-at o1 p1-1) due to When condition (not (K_neg_obj-at o1 p1-1))
DEBUG:genfond.state_space_generator:Applying effect (K_pos_obj-at o1 p1-1)
DEBUG:genfond.state_space_generator:Applying effect (K_neg_obj-at o1 p2-2) due to When condition (not (K_pos_obj-at o1 p2-2))
DEBUG:genfond.state_space_generator:Applying effect (K_neg_obj-at o1 p1-2) due to When condition (not (K_pos_obj-at o1 p1-2))
DEBUG:genfond.state_space_generator:Applying effect (K_neg_obj-at o1 p2-1) due to When condition (not (K_pos_obj-at o1 p2-1))
DEBUG:genfond.state_space_generator:Applying effect (K_pos_obs-obj-at o1 p1-1)
DEBUG:genfond.state_space_generator:Applying observation combination: ('K_pos_obs-obj-at_o1_p1-1',)
DEBUG:genfond.rule_policy:Action start-action(p1-1) has 2 successors: (K_neg_garbage-at t1 p2-2),(K_pos_adj p2-1 p2-2),(K_pos_adj p1-1 p2-1),(K_neg_trashed o1),(K_neg_garbage-at t2 p1-1),(K_neg_adj p2-1 p2-1),(K_pos_obj-at o1 p1-1),(K_pos_adj p2-1 p1-1),(K_neg_obj-at o1 p1-2),(K_pos_adj p2-2 p1-2),(K_pos_garbage-color t1 red),(K_neg_adj p2-2 p1-1),(K_pos_adj p1-2 p2-2),(K_pos_at p1-1),(K_neg_obj-at o1 p2-2),(K_neg_garbage-at t1 p2-1),(K_neg_garbage-at t2 p2-1),(K_pos_adj p2-2 p2-1),(K_neg_adj p1-2 p2-1),(K_neg_at p1-2),(K_pos_adj p1-2 p1-1),(K_neg_adj p1-1 p2-2),(K_pos_garbage-at t2 p2-2),(K_neg_garbage-at t1 p1-2),(K_pos_garbage-color t2 blue),(K_pos_adj p1-1 p1-2),(K_neg_at p2-2),(K_neg_adj p2-1 p1-2),(K_neg_adj p1-1 p1-1),(K_neg_holding o1),(K_neg_garbage-color t1 blue),(K_pos_obs-obj-at o1 p1-1),(K_neg_garbage-color t2 red),(K_neg_obj-at o1 p2-1),(K_neg_need-start),(K_neg_adj p2-2 p2-2),(K_neg_garbage-at t2 p1-2),(K_neg_at p2-1),(K_pos_garbage-at t1 p1-1),(K_neg_adj p1-2 p1-2);
 (K_neg_garbage-at t1 p2-2),(K_pos_adj p2-1 p2-2),(K_pos_adj p1-1 p2-1),(K_neg_trashed o1),(K_neg_garbage-at t2 p1-1),(K_neg_adj p2-1 p2-1),(K_pos_adj p2-1 p1-1),(K_neg_obj-at o1 p1-2),(K_pos_adj p2-2 p1-2),(K_pos_garbage-color t1 red),(K_neg_adj p2-2 p1-1),(K_pos_adj p1-2 p2-2),(K_pos_at p1-1),(K_pos_obj-at o1 p2-1),(K_neg_obj-at o1 p2-2),(K_neg_garbage-at t1 p2-1),(K_neg_garbage-at t2 p2-1),(K_pos_adj p2-2 p2-1),(K_neg_adj p1-2 p2-1),(K_neg_at p1-2),(K_pos_adj p1-2 p1-1),(K_neg_adj p1-1 p2-2),(K_pos_garbage-at t2 p2-2),(K_neg_obj-at o1 p1-1),(K_neg_garbage-at t1 p1-2),(K_pos_garbage-color t2 blue),(K_pos_adj p1-1 p1-2),(K_neg_at p2-2),(K_neg_adj p2-1 p1-2),(K_neg_adj p1-1 p1-1),(K_neg_obs-obj-at o1 p1-1),(K_neg_holding o1),(K_neg_garbage-color t1 blue),(K_neg_garbage-color t2 red),(K_neg_need-start),(K_neg_adj p2-2 p2-2),(K_neg_garbage-at t2 p1-2),(K_neg_at p2-1),(K_pos_garbage-at t1 p1-1),(K_neg_adj p1-2 p1-2)
DEBUG:genfond.state_space_generator:Applying effect (K_pos_trashed o1)
DEBUG:genfond.feature_generation:Generated augmented state (action=None): [(K_neg_garbage-at t1 p2-2), (K_pos_adj p2-1 p2-2), (K_pos_adj p1-1 p2-1), (K_neg_trashed o1), (K_neg_garbage-at t2 p1-1), (K_neg_adj p2-1 p2-1), (K_pos_obj-at o1 p1-1), (K_pos_adj p2-1 p1-1), (K_neg_obj-at o1 p1-2), (K_pos_adj p2-2 p1-2), (K_pos_garbage-color t1 red), (K_neg_adj p2-2 p1-1), (K_pos_adj p1-2 p2-2), (K_pos_at p1-1), (K_neg_obj-at o1 p2-2), (K_neg_garbage-at t1 p2-1), (K_neg_garbage-at t2 p2-1), (K_pos_adj p2-2 p2-1), (K_neg_adj p1-2 p2-1), (K_neg_at p1-2), (K_pos_adj p1-2 p1-1), (K_neg_adj p1-1 p2-2), (K_pos_garbage-at t2 p2-2), (K_neg_garbage-at t1 p1-2), (K_pos_garbage-color t2 blue), (K_pos_adj p1-1 p1-2), (K_neg_at p2-2), (K_neg_adj p2-1 p1-2), (K_neg_adj p1-1 p1-1), (K_neg_holding o1), (K_neg_garbage-color t1 blue), (K_pos_obs-obj-at o1 p1-1), (K_neg_garbage-color t2 red), (K_pos_trashed_G o1), (K_neg_obj-at o1 p2-1), (K_neg_need-start), (K_neg_adj p2-2 p2-2), (K_neg_garbage-at t2 p1-2), (K_neg_at p2-1), (K_pos_garbage-at t1 p1-1), (K_neg_adj p1-2 p1-2)]
DEBUG:genfond.state_space_generator:Applying effect (K_pos_trashed o1)
DEBUG:genfond.feature_generation:Generated augmented state (action=None): [(K_neg_garbage-at t1 p2-2), (K_pos_adj p2-1 p2-2), (K_pos_adj p1-1 p2-1), (K_neg_trashed o1), (K_neg_garbage-at t2 p1-1), (K_neg_adj p2-1 p2-1), (K_pos_adj p2-1 p1-1), (K_neg_obj-at o1 p1-2), (K_pos_adj p2-2 p1-2), (K_pos_garbage-color t1 red), (K_neg_adj p2-2 p1-1), (K_pos_adj p1-2 p2-2), (K_pos_at p1-1), (K_pos_obj-at o1 p2-1), (K_neg_obj-at o1 p2-2), (K_neg_garbage-at t1 p2-1), (K_neg_garbage-at t2 p2-1), (K_pos_adj p2-2 p2-1), (K_neg_adj p1-2 p2-1), (K_neg_at p1-2), (K_pos_adj p1-2 p1-1), (K_neg_adj p1-1 p2-2), (K_pos_garbage-at t2 p2-2), (K_neg_obj-at o1 p1-1), (K_neg_garbage-at t1 p1-2), (K_pos_garbage-color t2 blue), (K_pos_adj p1-1 p1-2), (K_neg_at p2-2), (K_neg_adj p2-1 p1-2), (K_neg_adj p1-1 p1-1), (K_neg_obs-obj-at o1 p1-1), (K_neg_holding o1), (K_neg_garbage-color t1 blue), (K_neg_garbage-color t2 red), (K_pos_trashed_G o1), (K_neg_need-start), (K_neg_adj p2-2 p2-2), (K_neg_garbage-at t2 p1-2), (K_neg_at p2-1), (K_pos_garbage-at t1 p1-1), (K_neg_adj p1-2 p1-2)]
DEBUG:genfond.rule_policy:succs_evals: [{'n_count(c_some(r_primitive(K_pos_garbage-at,0,1),c_primitive(K_pos_at,0)))': 1, 'b_empty(c_and(c_some(r_primitive(K_pos_garbage-at,0,1),c_primitive(K_pos_at,0)),c_some(r_primitive(K_pos_garbage-color,0,1),c_primitive(K_pos_obs-obj-col,0))))': True, 'n_concept_distance(c_primitive(K_pos_at,0),r_primitive(K_pos_adj,0,1),c_all(r_inverse(r_primitive(K_neg_obj-at,0,1)),c_primitive(K_pos_holding,0)))': 0}, {'n_count(c_some(r_primitive(K_pos_garbage-at,0,1),c_primitive(K_pos_at,0)))': 1, 'b_empty(c_and(c_some(r_primitive(K_pos_garbage-at,0,1),c_primitive(K_pos_at,0)),c_some(r_primitive(K_pos_garbage-color,0,1),c_primitive(K_pos_obs-obj-col,0))))': True, 'n_concept_distance(c_primitive(K_pos_at,0),r_primitive(K_pos_adj,0,1),c_all(r_inverse(r_primitive(K_neg_obj-at,0,1)),c_primitive(K_pos_holding,0)))': 1}]
DEBUG:genfond.rule_policy:eval state diff: {'n_count(c_some(r_primitive(K_pos_garbage-at,0,1),c_primitive(K_pos_at,0)))': 1, 'b_empty(c_and(c_some(r_primitive(K_pos_garbage-at,0,1),c_primitive(K_pos_at,0)),c_some(r_primitive(K_pos_garbage-color,0,1),c_primitive(K_pos_obs-obj-col,0))))': True, 'n_concept_distance(c_primitive(K_pos_at,0),r_primitive(K_pos_adj,0,1),c_all(r_inverse(r_primitive(K_neg_obj-at,0,1)),c_primitive(K_pos_holding,0)))': 0} -> {'n_count(c_some(r_primitive(K_pos_garbage-at,0,1),c_primitive(K_pos_at,0)))': 1, 'b_empty(c_and(c_some(r_primitive(K_pos_garbage-at,0,1),c_primitive(K_pos_at,0)),c_some(r_primitive(K_pos_garbage-color,0,1),c_primitive(K_pos_obs-obj-col,0))))': True, 'n_concept_distance(c_primitive(K_pos_at,0),r_primitive(K_pos_adj,0,1),c_all(r_inverse(r_primitive(K_neg_obj-at,0,1)),c_primitive(K_pos_holding,0)))': 0}
DEBUG:genfond.rule_policy:eval state diff: {'n_count(c_some(r_primitive(K_pos_garbage-at,0,1),c_primitive(K_pos_at,0)))': 1, 'b_empty(c_and(c_some(r_primitive(K_pos_garbage-at,0,1),c_primitive(K_pos_at,0)),c_some(r_primitive(K_pos_garbage-color,0,1),c_primitive(K_pos_obs-obj-col,0))))': True, 'n_concept_distance(c_primitive(K_pos_at,0),r_primitive(K_pos_adj,0,1),c_all(r_inverse(r_primitive(K_neg_obj-at,0,1)),c_primitive(K_pos_holding,0)))': 0} -> {'n_count(c_some(r_primitive(K_pos_garbage-at,0,1),c_primitive(K_pos_at,0)))': 1, 'b_empty(c_and(c_some(r_primitive(K_pos_garbage-at,0,1),c_primitive(K_pos_at,0)),c_some(r_primitive(K_pos_garbage-color,0,1),c_primitive(K_pos_obs-obj-col,0))))': True, 'n_concept_distance(c_primitive(K_pos_at,0),r_primitive(K_pos_adj,0,1),c_all(r_inverse(r_primitive(K_neg_obj-at,0,1)),c_primitive(K_pos_holding,0)))': 1}
DEBUG:genfond.rule_policy:succs_diffs:
;('n_concept_distance(c_primitive(K_pos_at,0),r_primitive(K_pos_adj,0,1),c_all(r_inverse(r_primitive(K_neg_obj-at,0,1)),c_primitive(K_pos_holding,0)))', <Effect.INCREASE: 1>)
DEBUG:genfond.state_space_generator:Applying effect (K_pos_trashed o1)
DEBUG:genfond.feature_generation:Generated augmented state (action=None): [(K_neg_garbage-at t1 p2-2), (K_pos_adj p2-1 p2-2), (K_pos_adj p1-1 p2-1), (K_neg_trashed o1), (K_neg_garbage-at t2 p1-1), (K_neg_adj p2-1 p2-1), (K_pos_obj-at o1 p1-1), (K_pos_adj p2-1 p1-1), (K_neg_obj-at o1 p1-2), (K_pos_adj p2-2 p1-2), (K_pos_garbage-color t1 red), (K_neg_adj p2-2 p1-1), (K_pos_adj p1-2 p2-2), (K_pos_at p1-1), (K_neg_obj-at o1 p2-2), (K_neg_garbage-at t1 p2-1), (K_neg_garbage-at t2 p2-1), (K_pos_adj p2-2 p2-1), (K_neg_adj p1-2 p2-1), (K_neg_at p1-2), (K_pos_adj p1-2 p1-1), (K_neg_adj p1-1 p2-2), (K_pos_garbage-at t2 p2-2), (K_neg_garbage-at t1 p1-2), (K_pos_garbage-color t2 blue), (K_pos_adj p1-1 p1-2), (K_neg_at p2-2), (K_neg_adj p2-1 p1-2), (K_neg_adj p1-1 p1-1), (K_neg_holding o1), (K_neg_garbage-color t1 blue), (K_pos_obs-obj-at o1 p1-1), (K_neg_garbage-color t2 red), (K_pos_trashed_G o1), (K_neg_obj-at o1 p2-1), (K_neg_need-start), (K_neg_adj p2-2 p2-2), (K_neg_garbage-at t2 p1-2), (K_neg_at p2-1), (K_pos_garbage-at t1 p1-1), (K_neg_adj p1-2 p1-2)]
DEBUG:genfond.rule_policy:feature eval: {'n_count(c_some(r_primitive(K_pos_garbage-at,0,1),c_primitive(K_pos_at,0)))': 1, 'b_empty(c_and(c_some(r_primitive(K_pos_garbage-at,0,1),c_primitive(K_pos_at,0)),c_some(r_primitive(K_pos_garbage-color,0,1),c_primitive(K_pos_obs-obj-col,0))))': True, 'n_concept_distance(c_primitive(K_pos_at,0),r_primitive(K_pos_adj,0,1),c_all(r_inverse(r_primitive(K_neg_obj-at,0,1)),c_primitive(K_pos_holding,0)))': 0}
DEBUG:genfond.generation.rule:eval to cond: n_count(c_some(r_primitive(K_pos_garbage-at,0,1),c_primitive(K_pos_at,0))) -> 1
DEBUG:genfond.generation.rule:eval to cond: b_empty(c_and(c_some(r_primitive(K_pos_garbage-at,0,1),c_primitive(K_pos_at,0)),c_some(r_primitive(K_pos_garbage-color,0,1),c_primitive(K_pos_obs-obj-col,0)))) -> True
DEBUG:genfond.generation.rule:eval to cond: n_concept_distance(c_primitive(K_pos_at,0),r_primitive(K_pos_adj,0,1),c_all(r_inverse(r_primitive(K_neg_obj-at,0,1)),c_primitive(K_pos_holding,0))) -> 0
DEBUG:genfond.state_space_generator:Applying effect (K_pos_trashed o1)
DEBUG:genfond.feature_generation:Generated augmented state (action=None): [(K_neg_garbage-at t1 p2-2), (K_pos_adj p2-1 p2-2), (K_pos_adj p1-1 p2-1), (K_neg_trashed o1), (K_neg_garbage-at t2 p1-1), (K_neg_adj p2-1 p2-1), (K_pos_adj p2-1 p1-1), (K_neg_obj-at o1 p1-2), (K_pos_adj p2-2 p1-2), (K_pos_garbage-color t1 red), (K_neg_adj p2-2 p1-1), (K_pos_adj p1-2 p2-2), (K_pos_at p1-1), (K_pos_obj-at o1 p2-1), (K_neg_obj-at o1 p2-2), (K_neg_garbage-at t1 p2-1), (K_neg_garbage-at t2 p2-1), (K_pos_adj p2-2 p2-1), (K_neg_adj p1-2 p2-1), (K_neg_at p1-2), (K_pos_adj p1-2 p1-1), (K_neg_adj p1-1 p2-2), (K_pos_garbage-at t2 p2-2), (K_neg_obj-at o1 p1-1), (K_neg_garbage-at t1 p1-2), (K_pos_garbage-color t2 blue), (K_pos_adj p1-1 p1-2), (K_neg_at p2-2), (K_neg_adj p2-1 p1-2), (K_neg_adj p1-1 p1-1), (K_neg_obs-obj-at o1 p1-1), (K_neg_holding o1), (K_neg_garbage-color t1 blue), (K_neg_garbage-color t2 red), (K_pos_trashed_G o1), (K_neg_need-start), (K_neg_adj p2-2 p2-2), (K_neg_garbage-at t2 p1-2), (K_neg_at p2-1), (K_pos_garbage-at t1 p1-1), (K_neg_adj p1-2 p1-2)]
DEBUG:genfond.rule_policy:feature eval: {'n_count(c_some(r_primitive(K_pos_garbage-at,0,1),c_primitive(K_pos_at,0)))': 1, 'b_empty(c_and(c_some(r_primitive(K_pos_garbage-at,0,1),c_primitive(K_pos_at,0)),c_some(r_primitive(K_pos_garbage-color,0,1),c_primitive(K_pos_obs-obj-col,0))))': True, 'n_concept_distance(c_primitive(K_pos_at,0),r_primitive(K_pos_adj,0,1),c_all(r_inverse(r_primitive(K_neg_obj-at,0,1)),c_primitive(K_pos_holding,0)))': 1}
DEBUG:genfond.generation.rule:eval to cond: n_count(c_some(r_primitive(K_pos_garbage-at,0,1),c_primitive(K_pos_at,0))) -> 1
DEBUG:genfond.generation.rule:eval to cond: b_empty(c_and(c_some(r_primitive(K_pos_garbage-at,0,1),c_primitive(K_pos_at,0)),c_some(r_primitive(K_pos_garbage-color,0,1),c_primitive(K_pos_obs-obj-col,0)))) -> True
DEBUG:genfond.generation.rule:eval to cond: n_concept_distance(c_primitive(K_pos_at,0),r_primitive(K_pos_adj,0,1),c_all(r_inverse(r_primitive(K_neg_obj-at,0,1)),c_primitive(K_pos_holding,0))) -> 1
DEBUG:genfond.rule_policy:Checking rule { b_empty(c_and(c_some(r_primitive(K_pos_garbage-at,0,1),c_primitive(K_pos_at,0)),c_some(r_primitive(K_pos_garbage-color,0,1),c_primitive(K_pos_obs-obj-col,0)))) ∧ n_concept_distance(c_primitive(K_pos_at,0),r_primitive(K_pos_adj,0,1),c_all(r_inverse(r_primitive(K_neg_obj-at,0,1)),c_primitive(K_pos_holding,0))) = 0 ∧ n_count(c_some(r_primitive(K_pos_garbage-at,0,1),c_primitive(K_pos_at,0))) > 0 }  ⇒  { ↓n_count(c_some(r_primitive(K_pos_garbage-at,0,1),c_primitive(K_pos_at,0))) }
DEBUG:genfond.rule_policy:rule effs type <class 'set'> and :
('n_count(c_some(r_primitive(K_pos_garbage-at,0,1),c_primitive(K_pos_at,0)))', <Effect.DECREASE: 2>)
DEBUG:genfond.rule_policy:Checking rule { n_concept_distance(c_primitive(K_pos_at,0),r_primitive(K_pos_adj,0,1),c_all(r_inverse(r_primitive(K_neg_obj-at,0,1)),c_primitive(K_pos_holding,0))) = 0 ∧ n_count(c_some(r_primitive(K_pos_garbage-at,0,1),c_primitive(K_pos_at,0))) > 0 }  ⇒  { ↑n_concept_distance(c_primitive(K_pos_at,0),r_primitive(K_pos_adj,0,1),c_all(r_inverse(r_primitive(K_neg_obj-at,0,1)),c_primitive(K_pos_holding,0))) }
DEBUG:genfond.rule_policy:rule effs type <class 'set'> and :
('n_concept_distance(c_primitive(K_pos_at,0),r_primitive(K_pos_adj,0,1),c_all(r_inverse(r_primitive(K_neg_obj-at,0,1)),c_primitive(K_pos_holding,0)))', <Effect.INCREASE: 1>)
DEBUG:genfond.rule_policy:Checking rule { b_empty(c_and(c_some(r_primitive(K_pos_garbage-at,0,1),c_primitive(K_pos_at,0)),c_some(r_primitive(K_pos_garbage-color,0,1),c_primitive(K_pos_obs-obj-col,0)))) ∧ n_concept_distance(c_primitive(K_pos_at,0),r_primitive(K_pos_adj,0,1),c_all(r_inverse(r_primitive(K_neg_obj-at,0,1)),c_primitive(K_pos_holding,0))) = 0 ∧ n_count(c_some(r_primitive(K_pos_garbage-at,0,1),c_primitive(K_pos_at,0))) > 0 }  ⇒  { ¬b_empty(c_and(c_some(r_primitive(K_pos_garbage-at,0,1),c_primitive(K_pos_at,0)),c_some(r_primitive(K_pos_garbage-color,0,1),c_primitive(K_pos_obs-obj-col,0)))) }
DEBUG:genfond.rule_policy:rule effs type <class 'set'> and :
('b_empty(c_and(c_some(r_primitive(K_pos_garbage-at,0,1),c_primitive(K_pos_at,0)),c_some(r_primitive(K_pos_garbage-color,0,1),c_primitive(K_pos_obs-obj-col,0))))', <Effect.UNSET: 4>)
ERROR:genfond.rule_policy:No matching rule found for diff {frozenset(), frozenset({('n_concept_distance(c_primitive(K_pos_at,0),r_primitive(K_pos_adj,0,1),c_all(r_inverse(r_primitive(K_neg_obj-at,0,1)),c_primitive(K_pos_holding,0)))', <Effect.INCREASE: 1>)})}!
ERROR:genfond.rule_policy:Enabled rules:
  { b_empty(c_and(c_some(r_primitive(K_pos_garbage-at,0,1),c_primitive(K_pos_at,0)),c_some(r_primitive(K_pos_garbage-color,0,1),c_primitive(K_pos_obs-obj-col,0)))) ∧ n_concept_distance(c_primitive(K_pos_at,0),r_primitive(K_pos_adj,0,1),c_all(r_inverse(r_primitive(K_neg_obj-at,0,1)),c_primitive(K_pos_holding,0))) = 0 ∧ n_count(c_some(r_primitive(K_pos_garbage-at,0,1),c_primitive(K_pos_at,0))) > 0 }  ⇒  { ↓n_count(c_some(r_primitive(K_pos_garbage-at,0,1),c_primitive(K_pos_at,0))) }
  { n_concept_distance(c_primitive(K_pos_at,0),r_primitive(K_pos_adj,0,1),c_all(r_inverse(r_primitive(K_neg_obj-at,0,1)),c_primitive(K_pos_holding,0))) = 0 ∧ n_count(c_some(r_primitive(K_pos_garbage-at,0,1),c_primitive(K_pos_at,0))) > 0 }  ⇒  { ↑n_concept_distance(c_primitive(K_pos_at,0),r_primitive(K_pos_adj,0,1),c_all(r_inverse(r_primitive(K_neg_obj-at,0,1)),c_primitive(K_pos_holding,0))) }
  { b_empty(c_and(c_some(r_primitive(K_pos_garbage-at,0,1),c_primitive(K_pos_at,0)),c_some(r_primitive(K_pos_garbage-color,0,1),c_primitive(K_pos_obs-obj-col,0)))) ∧ n_concept_distance(c_primitive(K_pos_at,0),r_primitive(K_pos_adj,0,1),c_all(r_inverse(r_primitive(K_neg_obj-at,0,1)),c_primitive(K_pos_holding,0))) = 0 ∧ n_count(c_some(r_primitive(K_pos_garbage-at,0,1),c_primitive(K_pos_at,0))) > 0 }  ⇒  { ¬b_empty(c_and(c_some(r_primitive(K_pos_garbage-at,0,1),c_primitive(K_pos_at,0)),c_some(r_primitive(K_pos_garbage-color,0,1),c_primitive(K_pos_obs-obj-col,0)))) }
